// Jest Snapshot v1, https://goo.gl/fbAQLP

exports[`MemoryGame test suite Snapshot matchs 1`] = `
<div>
  <div
    class="memoryGame"
  >
    <section
      class="memoryGame-cards"
    >
      <code
        name="MemoryGameCard"
        props="[object Object]"
      />
      <code
        name="MemoryGameCard"
        props="[object Object]"
      />
      <code
        name="MemoryGameCard"
        props="[object Object]"
      />
      <code
        name="MemoryGameCard"
        props="[object Object]"
      />
    </section>
    <aside
      class="memoryGame-action"
    >
      <button
        class="memoryGame-action-startButton"
      >
        Start game
      </button>
      <div>
        <label>
          Number of cards:
        </label>
        <select
          aria-label="memoryGame-action-select"
          class="memoryGame-action-select"
        >
          <option>
            2
          </option>
          <option>
            3
          </option>
          <option>
            4
          </option>
          <option>
            5
          </option>
          <option>
            6
          </option>
          <option>
            7
          </option>
          <option>
            8
          </option>
        </select>
      </div>
      <div>
        <button
          class="memoryGame-action-goldButton"
        >
          Gold Mode
        </button>
      </div>
      <div
        class="memoryGame-score"
      >
        <p>
          Level: 
          2
        </p>
        <p>
          Best score: 
          <b />
        </p>
      </div>
    </aside>
  </div>
</div>
`;
